$ date; ./adv_udpcli01 192.168.0.115; date
Fri Nov 27 23:10:58 CST 2015
hello
adv_dg_send_recv: no response from server, giving up
adv_dg_send_recv error
Fri Nov 27 23:11:44 CST 2015

$ ./adv_udpcli01 192.168.0.114 <./input.txt >./echo.txt 2>rtt.txt

$ sudo nmap 27.109.223.37

Starting Nmap 6.25 ( http://nmap.org ) at 2015-11-29 21:29 CST
Nmap scan report for nz223l37.bb27109.ctm.net (27.109.223.37)
Host is up (0.12s latency).
Not shown: 997 filtered ports
PORT   STATE SERVICE
7/tcp  open  echo
21/tcp open  ftp
80/tcp open  http

Nmap done: 1 IP address (1 host up) scanned in 17.20 seconds

$ uniq -c seq.txt | awk '$1 > 1'
   2 185
   2 330
$ uniq -c sendseq.txt | awk '$1 > 1'
   2 70
   2 185
   2 186
   2 330
   2 331
   2 334
   2 448

=======================================
$ ./adv_udpcli01 192.168.0.114 <./input.txt >echo.txt 2>rtt_info.txt

>> Test through the internet
$ ./adv_udpcli01 `host gongcun.ddns.net | awk '{print $NF}'` <input.txt >echo.txt 2>rtt_info.txt

>> tcpdump
# Macos
$ sudo tcpdump -i en0 -n 'udp and dst port 7'
# CentOS
$ sudo tcpdump -i wlan0 -nn 'udp and dst port 7'

>>
$ sudo ifconfig en0 alias 192.168.0.120 netmask 255.255.255.0

$ ./adv_udpserv02 
bound 127.0.0.1:9877
bound 192.168.0.107:9877
bound 192.168.0.255:9877
bound 192.168.0.120:9877
EADDRINUSE: 192.168.0.255:9877
bound 0.0.0.0:9877

$ netstat -an | grep -w 9877
udp4       0      0  *.9877                 *.*                               
udp4       0      0  192.168.0.120.9877     *.*                               
udp4       0      0  192.168.0.255.9877     *.*                               
udp4       0      0  192.168.0.107.9877     *.*                               
udp4       0      0  127.0.0.1.9877         *.*                               

$ ./udpcli01 192.168.0.107
hello
child 9122, datagram from 192.168.0.107:58175, to 192.168.0.107:9877
hello
$ ./udpcli01 127.0.0.1
world
child 9121, datagram from 127.0.0.1:63645, to 127.0.0.1:9877
world
$ ./udpbcastcli 192.168.0.255
hello world
child 9125, datagram from 192.168.0.107:64586, to 0.0.0.0:9877
from 192.168.0.107: hello world

$ ./udpcli01 192.168.0.120
hello
^C (no response)

(from CentOS)
$ ./udpcli01 192.168.0.120
hello
hello
$ ./udpbcastcli 192.168.0.255
hello
from 192.168.0.107: hello

(macos)
child 9124, datagram from 192.168.0.113:45825, to 192.168.0.120:9877
child 9125, datagram from 192.168.0.113:56358, to 0.0.0.0:9877 (broadcast)


$ kill `lsof -i :9877 -t`
